Obtaining file:///Users/athravseruwam/Documents/GitHub/darwin_robot
  Installing build dependencies: started
  Installing build dependencies: finished with status 'done'
  Checking if build backend supports build_editable: started
  Checking if build backend supports build_editable: finished with status 'done'
  Getting requirements to build editable: started
  Getting requirements to build editable: finished with status 'done'
  Preparing editable metadata (pyproject.toml): started
  Preparing editable metadata (pyproject.toml): finished with status 'done'
Collecting numpy (from darwin-robot==0.1.0)
  Using cached numpy-2.4.6-cp311-cp311-macosx_14_0_arm64.whl.metadata (6.6 kB)
Collecting PyYAML (from darwin-robot==0.1.0)
  Using cached pyyaml-6.0.3-cp311-cp311-macosx_11_0_arm64.whl.metadata (2.4 kB)
Collecting pyserial (from darwin-robot==0.1.0)
  Downloading pyserial-3.5-py2.py3-none-any.whl.metadata (1.6 kB)
Collecting opencv-contrib-python (from darwin-robot==0.1.0)
  Downloading opencv_contrib_python-5.0.0.93-cp37-abi3-macosx_13_0_arm64.whl.metadata (19 kB)
Collecting fastapi (from darwin-robot==0.1.0)
  Downloading fastapi-0.141.1-py3-none-any.whl.metadata (27 kB)
Collecting uvicorn (from darwin-robot==0.1.0)
  Downloading uvicorn-0.53.0-py3-none-any.whl.metadata (6.6 kB)
Collecting pytest (from darwin-robot==0.1.0)
  Downloading pytest-9.1.1-py3-none-any.whl.metadata (7.6 kB)
Collecting httpx (from darwin-robot==0.1.0)
  Using cached httpx-0.28.1-py3-none-any.whl.metadata (7.1 kB)
Collecting starlette>=0.46.0 (from fastapi->darwin-robot==0.1.0)
  Downloading starlette-1.6.0-py3-none-any.whl.metadata (6.4 kB)
Collecting pydantic>=2.9.0 (from fastapi->darwin-robot==0.1.0)
  Downloading pydantic-2.13.5-py3-none-any.whl.metadata (110 kB)
     ━━━━━━━━━━━━━━━━━━━━━━━━━━━━━━━━━━━━━━━ 110.2/110.2 kB 6.0 MB/s eta 0:00:00
Collecting typing-extensions>=4.8.0 (from fastapi->darwin-robot==0.1.0)
  Using cached typing_extensions-4.16.0-py3-none-any.whl.metadata (3.3 kB)
Collecting typing-inspection>=0.4.2 (from fastapi->darwin-robot==0.1.0)
  Downloading typing_inspection-0.4.4-py3-none-any.whl.metadata (2.6 kB)
Collecting annotated-doc>=0.0.2 (from fastapi->darwin-robot==0.1.0)
  Downloading annotated_doc-0.0.5-py3-none-any.whl.metadata (6.5 kB)
Collecting anyio (from httpx->darwin-robot==0.1.0)
  Downloading anyio-4.15.1-py3-none-any.whl.metadata (4.7 kB)
Collecting certifi (from httpx->darwin-robot==0.1.0)
  Downloading certifi-2026.7.22-py3-none-any.whl.metadata (2.5 kB)
Collecting httpcore==1.* (from httpx->darwin-robot==0.1.0)
  Using cached httpcore-1.0.9-py3-none-any.whl.metadata (21 kB)
Collecting idna (from httpx->darwin-robot==0.1.0)
  Downloading idna-3.20-py3-none-any.whl.metadata (7.2 kB)
Collecting h11>=0.16 (from httpcore==1.*->httpx->darwin-robot==0.1.0)
  Using cached h11-0.16.0-py3-none-any.whl.metadata (8.3 kB)
Collecting iniconfig>=1.0.1 (from pytest->darwin-robot==0.1.0)
  Using cached iniconfig-2.3.0-py3-none-any.whl.metadata (2.5 kB)
Collecting packaging>=22 (from pytest->darwin-robot==0.1.0)
  Using cached packaging-26.3-py3-none-any.whl.metadata (3.5 kB)
Collecting pluggy<2,>=1.5 (from pytest->darwin-robot==0.1.0)
  Using cached pluggy-1.6.0-py3-none-any.whl.metadata (4.8 kB)
Collecting pygments>=2.7.2 (from pytest->darwin-robot==0.1.0)
  Downloading pygments-2.21.0-py3-none-any.whl.metadata (2.5 kB)
Collecting click>=7.0 (from uvicorn->darwin-robot==0.1.0)
  Using cached click-8.5.0-py3-none-any.whl.metadata (2.6 kB)
Collecting annotated-types>=0.6.0 (from pydantic>=2.9.0->fastapi->darwin-robot==0.1.0)
  Downloading annotated_types-0.8.0-py3-none-any.whl.metadata (15 kB)
Collecting pydantic-core==2.46.5 (from pydantic>=2.9.0->fastapi->darwin-robot==0.1.0)
  Downloading pydantic_core-2.46.5-cp311-cp311-macosx_11_0_arm64.whl.metadata (6.6 kB)
Downloading fastapi-0.141.1-py3-none-any.whl (131 kB)
   ━━━━━━━━━━━━━━━━━━━━━━━━━━━━━━━━━━━━━━━━ 132.0/132.0 kB 12.8 MB/s eta 0:00:00
Using cached httpx-0.28.1-py3-none-any.whl (73 kB)
Using cached httpcore-1.0.9-py3-none-any.whl (78 kB)
Using cached numpy-2.4.6-cp311-cp311-macosx_14_0_arm64.whl (5.5 MB)
Downloading opencv_contrib_python-5.0.0.93-cp37-abi3-macosx_13_0_arm64.whl (55.7 MB)
   ━━━━━━━━━━━━━━━━━━━━━━━━━━━━━━━━━━━━━━━━ 55.7/55.7 MB 39.0 MB/s eta 0:00:00
Downloading pyserial-3.5-py2.py3-none-any.whl (90 kB)
   ━━━━━━━━━━━━━━━━━━━━━━━━━━━━━━━━━━━━━━━━ 90.6/90.6 kB 6.7 MB/s eta 0:00:00
Downloading pytest-9.1.1-py3-none-any.whl (386 kB)
   ━━━━━━━━━━━━━━━━━━━━━━━━━━━━━━━━━━━━━━━━ 386.5/386.5 kB 30.5 MB/s eta 0:00:00
Using cached pyyaml-6.0.3-cp311-cp311-macosx_11_0_arm64.whl (175 kB)
Downloading uvicorn-0.53.0-py3-none-any.whl (87 kB)
   ━━━━━━━━━━━━━━━━━━━━━━━━━━━━━━━━━━━━━━━━ 87.1/87.1 kB 8.5 MB/s eta 0:00:00
Downloading annotated_doc-0.0.5-py3-none-any.whl (5.3 kB)
Using cached click-8.5.0-py3-none-any.whl (125 kB)
Using cached h11-0.16.0-py3-none-any.whl (37 kB)
Using cached iniconfig-2.3.0-py3-none-any.whl (7.5 kB)
Using cached packaging-26.3-py3-none-any.whl (129 kB)
Using cached pluggy-1.6.0-py3-none-any.whl (20 kB)
Downloading pydantic-2.13.5-py3-none-any.whl (472 kB)
   ━━━━━━━━━━━━━━━━━━━━━━━━━━━━━━━━━━━━━━━━ 472.6/472.6 kB 29.6 MB/s eta 0:00:00
Downloading pydantic_core-2.46.5-cp311-cp311-macosx_11_0_arm64.whl (1.9 MB)
   ━━━━━━━━━━━━━━━━━━━━━━━━━━━━━━━━━━━━━━━━ 1.9/1.9 MB 35.4 MB/s eta 0:00:00
Downloading pygments-2.21.0-py3-none-any.whl (1.3 MB)
   ━━━━━━━━━━━━━━━━━━━━━━━━━━━━━━━━━━━━━━━━ 1.3/1.3 MB 46.3 MB/s eta 0:00:00
Downloading starlette-1.6.0-py3-none-any.whl (75 kB)
   ━━━━━━━━━━━━━━━━━━━━━━━━━━━━━━━━━━━━━━━━ 76.0/76.0 kB 8.2 MB/s eta 0:00:00
Downloading anyio-4.15.1-py3-none-any.whl (132 kB)
   ━━━━━━━━━━━━━━━━━━━━━━━━━━━━━━━━━━━━━━━━ 132.1/132.1 kB 16.3 MB/s eta 0:00:00
Downloading idna-3.20-py3-none-any.whl (69 kB)
   ━━━━━━━━━━━━━━━━━━━━━━━━━━━━━━━━━━━━━━━━ 69.6/69.6 kB 7.5 MB/s eta 0:00:00
Using cached typing_extensions-4.16.0-py3-none-any.whl (45 kB)
Downloading typing_inspection-0.4.4-py3-none-any.whl (14 kB)
Downloading certifi-2026.7.22-py3-none-any.whl (136 kB)
   ━━━━━━━━━━━━━━━━━━━━━━━━━━━━━━━━━━━━━━━━ 137.0/137.0 kB 16.4 MB/s eta 0:00:00
Downloading annotated_types-0.8.0-py3-none-any.whl (13 kB)
Checking if build backend supports build_editable: started
Checking if build backend supports build_editable: finished with status 'done'
Building wheels for collected packages: darwin-robot
  Building editable for darwin-robot (pyproject.toml): started
  Building editable for darwin-robot (pyproject.toml): finished with status 'done'
  Created wheel for darwin-robot: filename=darwin_robot-0.1.0-0.editable-py3-none-any.whl size=1671 sha256=43ab4cf1aeef9d3adc63beda1559ee2c591c36f6d08ede02c35cd36a5bc5f628
  Stored in directory: /private/var/folders/yw/xc8nc8ds43ddgm2j6ccrwl800000gn/T/pip-ephem-wheel-cache-k0tvp30j/wheels/58/02/34/7e5658887d4fcca226b919275745a383d191362b851be3c4d6
Successfully built darwin-robot
Installing collected packages: pyserial, typing-extensions, PyYAML, pygments, pluggy, packaging, numpy, iniconfig, idna, h11, click, certifi, annotated-types, annotated-doc, uvicorn, typing-inspection, pytest, pydantic-core, opencv-contrib-python, httpcore, anyio, starlette, pydantic, httpx, fastapi, darwin-robot
Successfully installed PyYAML-6.0.3 annotated-doc-0.0.5 annotated-types-0.8.0 anyio-4.15.1 certifi-2026.7.22 click-8.5.0 darwin-robot-0.1.0 fastapi-0.141.1 h11-0.16.0 httpcore-1.0.9 httpx-0.28.1 idna-3.20 iniconfig-2.3.0 numpy-2.4.6 opencv-contrib-python-5.0.0.93 packaging-26.3 pluggy-1.6.0 pydantic-2.13.5 pydantic-core-2.46.5 pygments-2.21.0 pyserial-3.5 pytest-9.1.1 starlette-1.6.0 typing-extensions-4.16.0 typing-inspection-0.4.4 uvicorn-0.53.0

[notice] A new release of pip is available: 24.0 -> 26.2.1
[notice] To update, run: /Users/athravseruwam/Documents/GitHub/darwin_robot/venv/bin/python -m pip install --upgrade pip
